88
88
%v %v 160 28
160 28
160 13
159 13
149 13
137 13
129 13
117 13
108 13
97 13
91 13
90 13
91 13
104 13
117 13
129 13
141 13
147 13
150 13
154 13
158 13
161 13
162 13
162 13
162 13
161 13
152 13
148 13
137 13
129 13
115 13
99 13
84 13
80 13
76 13
73 13
69 13
63 13
59 13
54 13
45 13
40 13
26 13
19 13
20 13
54 13
118 13
137 13
141 13
142 13
143 13
159 13
169 13
173 13
174 13
175 13
176 13
175 13
164 13
164 13
164 13
164 13
164 13
164 13
164 13
164 14
164 21
164 25
164 25
164 25
